{
  "openapi" : "3.0.0",
  "info" : {
    "title" : "Swagger Petstore",
    "license" : {
      "name" : "MIT"
    },
    "version" : "1.0.0"
  },
  "servers" : [ {
    "url" : "/"
  } ],
  "paths" : {
    "/pets" : {
      "get" : {
        "tags" : [ "pets" ],
        "summary" : "List all pets",
        "operationId" : "listPets",
        "responses" : {
          "200" : {
            "description" : "An paged array of pets",
            "headers" : {
              "x-next" : {
                "description" : "A link to the next page of responses",
                "style" : "simple",
                "explode" : false,
                "schema" : {
                  "type" : "string"
                }
              }
            },
            "content" : {
              "application/json" : {
                "schema" : {
                  "type" : "array",
                  "items" : {
                    "$ref" : "#/components/schemas/InlineResponse200"
                  }
                }
              }
            }
          }
        }
      },
      "post" : {
        "tags" : [ "pets" ],
        "summary" : "Create a pet",
        "operationId" : "createPets",
        "requestBody" : {
          "description" : "Created pet object",
          "content" : {
            "application/json" : {
              "schema" : {
                "$ref" : "#/components/schemas/PetsBody"
              }
            }
          },
          "required" : true
        },
        "responses" : {
          "201" : {
            "description" : "Null response"
          }
        }
      }
    },
    "/locations" : {
      "get" : {
        "tags" : [ "locations" ],
        "summary" : "List all locations",
        "operationId" : "listLocations",
        "parameters" : [ {
          "name" : "area",
          "in" : "query",
          "description" : "area to filter by",
          "required" : false,
          "style" : "form",
          "explode" : true,
          "schema" : {
            "type" : "string"
          }
        } ],
        "responses" : {
          "200" : {
            "description" : "An paged array of locations",
            "headers" : {
              "x-next" : {
                "description" : "A link to the next page of responses",
                "style" : "simple",
                "explode" : false,
                "schema" : {
                  "type" : "string"
                }
              }
            },
            "content" : {
              "application/json" : {
                "schema" : {
                  "type" : "array",
                  "items" : {
                    "$ref" : "#/components/schemas/InlineResponse2001"
                  }
                }
              }
            }
          }
        }
      }
    }
  },
  "components" : {
    "schemas" : {
      "InlineResponse2001" : {
        "type" : "object",
        "properties" : {
          "id" : {
            "type" : "integer",
            "format" : "int64"
          },
          "name" : {
            "type" : "string"
          },
          "tag" : {
            "type" : "string"
          }
        }
      },
      "InlineResponse200" : {
        "type" : "object",
        "properties" : {
          "id" : {
            "type" : "integer",
            "format" : "int64"
          },
          "name" : {
            "type" : "string"
          },
          "tag" : {
            "type" : "string"
          }
        }
      },
      "PetsBody" : {
        "type" : "object",
        "properties" : {
          "id" : {
            "type" : "integer",
            "format" : "int64"
          },
          "name" : {
            "type" : "string"
          },
          "tag" : {
            "type" : "string"
          }
        }
      }
    }
  }
}
